
 ++++++++++++++++++++++++++++++++++++++++++++++++++++++++++++++++++++
 +  SHELXE  -  PHASING AND DENSITY MODIFICATION  -  Version 2019/1  +
 +  Copyright (c)  George M. Sheldrick and Isabel Uson 2001-19      +
 +  Started at 15:17:41 on 27 Sep 2019                              +
 ++++++++++++++++++++++++++++++++++++++++++++++++++++++++++++++++++++

 Please cite: I. Uson & G.M. Sheldrick (2018), "An introduction to
 experimental phasing of macromolecules illustrated by SHELX;
 new autotracing features" Acta Cryst. D74, 106-116
 (Open Access) if SHELXE proves useful.

 Command line parameters:
  sad sad_fa -l10 -h8 -s0.45 -m20

 Cell, symmetry and heavy atoms from: sad_fa.res
 FA and alpha from: sad_fa.hkl
 Native data from: sad.hkl
 Listing output to sad.lst
 Phases output to sad.phs
 Revised heavy atom sites output to sad.hat
 Revised heavy atom phases output to sad.pha


 Summary of parameters to be employed:

 -a     0  global autotracing cycles
 -b   5.0  extra B for revised heavy atom sites
 -c 0.400  fraction of pixels in crossover region
 -d 0.000  high resolution limit to be applied to input data
 -e unset  fill in missing data up to maximum resolution + 0.2 Ang.
 -f unset  read intensity not F from native .hkl file
 -F 0.800  fractional weight for phases from previous global cycle
 -g 1.100  solvent gamma flipping factor
 -h    8  heavy atoms present in native - use first    8
 -i unset  no structure inversion
 -k   4.5  minimum height/sigma for revised heavy atom sites
 -l    10  space for 10000000 reflections
 -L     6  minimum number of residues per chain (if more than 3 chains)
 -m    20  cycles of density modification
 -n unset  do not apply NCS 
 -r  3.00  map resolution (multiplies maximum indices)
 -s 0.450  solvent fraction
 -S  2.42  radius of sphere of influence
 -v unset  density sharpening factor dependent on resolution
 -w 0.200  weight for experimental phases after cycle 1
 -x unset  no phase and trace diagnostics 
 -z unset  do not optimize heavy atoms

 Space group: P 31 2 1   Allowed origin shift code: 10

     8 atoms read from file sad_fa.res

    12193 Reflections read from file sad_fa.hkl

    33561 Reflections read from file sad.hkl

    33533 Unique data, highest resolution =  2.140 Angstroms

 Anisotropic scaling: intensities multiplied by
 -0.000134h^2 -0.000134k^2 +0.000327l^2 +0.000000kl +0.000000hl -0.000134hk

    85 Reflections with d > 2.340 and      0 in range  2.340 > d > 2.140 added

 Density sharpening factor set to  0.54
 Fourier grid =   256 x  256 x   23     0.000 <= z <= 0.167

    92 Point spherical net set up with radius 2.42A
     6 Extra Fourier layers will be generated

 <|E^2-1|> = 0.855
 Overall CC between Eobs (from delF) and Ecalc (from heavy atoms) = 30.92%

 <wt> = 0.117  for phases from phiT = phiA + alpha
 <wt> = 0.203 after including heavy atoms
 <wt> = 0.128, Contrast = 0.068, Connect. = 0.686 for dens.mod. cycle 1
 <wt> = 0.142, Contrast = 0.168, Connect. = 0.708 for dens.mod. cycle 2
 <wt> = 0.157, Contrast = 0.273, Connect. = 0.752 for dens.mod. cycle 3
 <wt> = 0.172, Contrast = 0.339, Connect. = 0.770 for dens.mod. cycle 4
 <wt> = 0.185, Contrast = 0.382, Connect. = 0.778 for dens.mod. cycle 5
 <wt> = 0.195, Contrast = 0.409, Connect. = 0.782 for dens.mod. cycle 6
 <wt> = 0.204, Contrast = 0.432, Connect. = 0.784 for dens.mod. cycle 7
 <wt> = 0.214, Contrast = 0.451, Connect. = 0.787 for dens.mod. cycle 8
 <wt> = 0.219, Contrast = 0.461, Connect. = 0.788 for dens.mod. cycle 9
 <wt> = 0.224, Contrast = 0.474, Connect. = 0.790 for dens.mod. cycle 10
 <wt> = 0.229, Contrast = 0.481, Connect. = 0.791 for dens.mod. cycle 11
 <wt> = 0.233, Contrast = 0.484, Connect. = 0.791 for dens.mod. cycle 12
 <wt> = 0.236, Contrast = 0.485, Connect. = 0.790 for dens.mod. cycle 13
 <wt> = 0.238, Contrast = 0.488, Connect. = 0.790 for dens.mod. cycle 14
 <wt> = 0.240, Contrast = 0.492, Connect. = 0.790 for dens.mod. cycle 15
 <wt> = 0.243, Contrast = 0.494, Connect. = 0.789 for dens.mod. cycle 16
 <wt> = 0.244, Contrast = 0.494, Connect. = 0.788 for dens.mod. cycle 17
 <wt> = 0.245, Contrast = 0.497, Connect. = 0.788 for dens.mod. cycle 18
 <wt> = 0.245, Contrast = 0.501, Connect. = 0.789 for dens.mod. cycle 19
 <wt> = 0.245, Contrast = 0.504, Connect. = 0.790 for dens.mod. cycle 20

 Estimated mean FOM and mapCC as a function of resolution
 d    inf - 4.68 - 3.70 - 3.22 - 2.92 - 2.71 - 2.55 - 2.42 - 2.31 - 2.22 - 2.15
 <FOM>   0.675  0.725  0.652  0.573  0.497  0.397  0.359  0.289  0.177  0.144
 <mapCC> 0.784  0.875  0.852  0.808  0.773  0.692  0.667  0.621  0.484  0.379
 N        3369   3358   3395   3403   3333   3335   3402   3524   3347   3067

 Estimated mean FOM = 0.451   Pseudo-free CC = 50.68 %

 Anomalous density (in sigma units) at initial heavy atom sites

  Site     x        y        z     occ*Z   density
    1   0.8345   0.1415   0.0279  34.0000   36.56
    2   0.9539   0.2128   0.0411  30.6816   33.06
    3   0.8198  -0.1384  -0.0267  28.5906   32.19
    4   0.8527   0.0445  -0.0014  27.8426   28.76
    5   0.5251  -0.2188  -0.1016  25.9794   25.23
    6   0.7230  -0.1472  -0.0105  25.0478   23.09
    7   0.7504  -0.1949  -0.0220  24.3712   25.23
    8   0.8475  -0.1192   0.0218  24.2080   23.27

 Site    x       y       z  h(sig) near old  near new
   1  0.8341  0.1418  0.0280  36.6  1/0.06  12/2.89 10/2.96 13/8.50 17/9.00
   2  0.9560  0.2147  0.0409  33.5  2/0.21  16/2.91 13/3.07 10/9.68 12/10.35
   3  0.8219 -0.1383 -0.0271  32.9  3/0.22  9/3.05 11/3.17 7/5.20 9/6.15
   4  0.8514  0.0449 -0.0014  29.0  4/0.15  17/2.79 15/2.90 10/9.98 1/11.45
   5  0.7533 -0.1925 -0.0219  25.4  7/0.28  11/3.43 18/4.69 3/6.54 8/6.87
   6  0.5257 -0.2181 -0.1005  25.3  5/0.13  14/3.02 18/19.84 8/20.00 5/23.71
   7  0.8478 -0.1178  0.0205  23.6  8/0.18  9/3.10 3/5.20 9/5.77 3/7.13
   8  0.7223 -0.1489 -0.0093  23.5  6/0.19  18/2.88 5/6.87 11/7.72 3/10.01
   9  0.8346 -0.1438 -0.0006  -5.9  8/3.10  3/3.05 7/3.10 11/4.97 7/5.77
  10  0.8545  0.1336  0.0417  -5.7  1/2.91  1/2.96 12/4.95 13/6.80 17/7.54
  11  0.7875 -0.1616 -0.0268  -5.0  3/3.00  3/3.17 5/3.43 9/4.97 18/6.52
  12  0.8432  0.1729  0.0285  -4.9  1/2.92  1/2.89 10/4.95 13/8.31 2/10.35
  13  0.9279  0.1846  0.0363  -4.9  2/2.87  2/3.07 16/5.96 10/6.80 12/8.31
  14  0.5470 -0.1899 -0.1153  -4.8  5/3.02  6/3.02 8/19.42 18/19.43 5/23.40
  15  0.8457  0.0184 -0.0164  -4.7  4/2.84  4/2.90 17/5.54 10/12.85 1/14.15
  16  0.9841  0.2425  0.0410  -4.7  2/3.12  2/2.91 13/5.96 10/12.55 12/12.75
  17  0.8592  0.0747  0.0003  -4.7  4/2.86  4/2.79 15/5.54 10/7.54 1/9.00
  18  0.7193 -0.1755 -0.0218  -4.5  6/2.97  8/2.88 5/4.69 11/6.52 3/9.39

 ==============================================================================

       CPU times required in seconds
       -----------------------------
         1.1 - Setup, data input and phasing
         6.4 - FFTs and peak-searches
        46.6 - Sphere of influence
         0.4 - Rest of density modification
         0.0 - Alpha-helix search
         0.0 - Tripeptide search
         0.0 - Chain tracing
         0.0 - NCS analysis
         0.0 - B-value refinement for trace
         0.0 - Rest of tracing
         0.0 - Comparison with known structure


 ++++++++++++++++++++++++++++++++++++++++++++++++++++++++++++++++++++
 +  SHELXE finished at 15:18:35      Total time:        54.39 secs  +
 ++++++++++++++++++++++++++++++++++++++++++++++++++++++++++++++++++++
